TAP version 13
ok 1 - built_tests\SitemapTest::testSitemapUrl0
ok 2 - built_tests\SitemapTest::testSitemapUrl1
ok 3 - built_tests\SitemapTest::testSitemapUrl2
ok 4 - built_tests\SitemapTest::testSitemapUrl3
ok 5 - built_tests\SitemapTest::testSitemapUrl4
ok 6 - built_tests\SitemapTest::testSitemapUrl5
ok 7 - built_tests\SitemapTest::testSitemapUrl6
ok 8 - built_tests\SitemapTest::testSitemapUrl7
ok 9 - built_tests\SitemapTest::testSitemapUrl8
ok 10 - built_tests\SitemapTest::testSitemapUrl9
ok 11 - built_tests\SitemapTest::testSitemapUrl10
ok 12 - built_tests\SitemapTest::testSitemapUrl11
ok 13 - built_tests\SitemapTest::testSitemapUrl12
ok 14 - built_tests\SitemapTest::testSitemapUrl13
ok 15 - built_tests\SitemapTest::testSitemapUrl14
ok 16 - built_tests\SitemapTest::testSitemapUrl15
ok 17 - built_tests\SitemapTest::testSitemapUrl16
ok 18 - built_tests\SitemapTest::testSitemapUrl17
ok 19 - built_tests\SitemapTest::testSitemapUrl18
ok 20 - built_tests\SitemapTest::testSitemapUrl19
ok 21 - built_tests\SitemapTest::testSitemapUrl20
ok 22 - built_tests\SitemapTest::testSitemapUrl21
ok 23 - built_tests\SitemapTest::testSitemapUrl22
ok 24 - built_tests\SitemapTest::testSitemapUrl23
ok 25 - built_tests\SitemapTest::testSitemapUrl24
ok 26 - built_tests\SitemapTest::testSitemapUrl25
ok 27 - built_tests\SitemapTest::testSitemapUrl26
ok 28 - built_tests\SitemapTest::testSitemapUrl27
ok 29 - built_tests\SitemapTest::testSitemapUrl28
ok 30 - built_tests\SitemapTest::testSitemapUrl29
ok 31 - built_tests\SitemapTest::testSitemapUrl30
ok 32 - built_tests\SitemapTest::testSitemapUrl31
ok 33 - built_tests\SitemapTest::testSitemapUrl32
ok 34 - built_tests\SitemapTest::testSitemapUrl33
ok 35 - built_tests\SitemapTest::testSitemapUrl34
ok 36 - built_tests\SitemapTest::testSitemapUrl35
ok 37 - built_tests\SitemapTest::testSitemapUrl36
ok 38 - built_tests\SitemapTest::testSitemapUrl37
ok 39 - built_tests\SitemapTest::testSitemapUrl38
ok 40 - built_tests\SitemapTest::testSitemapUrl39
ok 41 - built_tests\SitemapTest::testSitemapUrl40
ok 42 - built_tests\SitemapTest::testSitemapUrl41
ok 43 - built_tests\SitemapTest::testSitemapUrl42
ok 44 - built_tests\SitemapTest::testSitemapUrl43
ok 45 - built_tests\SitemapTest::testSitemapUrl44
ok 46 - built_tests\SitemapTest::testSitemapUrl45
ok 47 - built_tests\SitemapTest::testSitemapUrl46
ok 48 - built_tests\SitemapTest::testSitemapUrl47
ok 49 - built_tests\SitemapTest::testSitemapUrl48
ok 50 - built_tests\SitemapTest::testSitemapUrl49
ok 51 - built_tests\SitemapTest::testSitemapUrl50
ok 52 - built_tests\SitemapTest::testSitemapUrl51
ok 53 - built_tests\SitemapTest::testSitemapUrl52
ok 54 - built_tests\SitemapTest::testSitemapUrl53
ok 55 - built_tests\SitemapTest::testSitemapUrl54
ok 56 - built_tests\SitemapTest::testSitemapUrl55
ok 57 - built_tests\SitemapTest::testSitemapUrl56
ok 58 - built_tests\SitemapTest::testSitemapUrl57
ok 59 - built_tests\SitemapTest::testSitemapUrl58
ok 60 - built_tests\SitemapTest::testSitemapUrl59
ok 61 - built_tests\SitemapTest::testSitemapUrl60
ok 62 - built_tests\SitemapTest::testSitemapUrl61
ok 63 - built_tests\SitemapTest::testSitemapUrl62
ok 64 - built_tests\SitemapTest::testSitemapUrl63
ok 65 - built_tests\SitemapTest::testSitemapUrl64
ok 66 - built_tests\SitemapTest::testSitemapUrl65
ok 67 - built_tests\SitemapTest::testSitemapUrl66
ok 68 - built_tests\SitemapTest::testSitemapUrl67
ok 69 - built_tests\SitemapTest::testSitemapUrl68
ok 70 - built_tests\SitemapTest::testSitemapUrl69
ok 71 - built_tests\SitemapTest::testSitemapUrl70
ok 72 - built_tests\SitemapTest::testSitemapUrl71
ok 73 - built_tests\SitemapTest::testSitemapUrl72
ok 74 - built_tests\SitemapTest::testSitemapUrl73
ok 75 - built_tests\SitemapTest::testSitemapUrl74
ok 76 - built_tests\SitemapTest::testSitemapUrl75
ok 77 - built_tests\SitemapTest::testSitemapUrl76
ok 78 - built_tests\SitemapTest::testSitemapUrl77
ok 79 - built_tests\SitemapTest::testSitemapUrl78
ok 80 - built_tests\SitemapTest::testSitemapUrl79
ok 81 - built_tests\SitemapTest::testSitemapUrl80
ok 82 - built_tests\SitemapTest::testSitemapUrl81
ok 83 - built_tests\SitemapTest::testSitemapUrl82
ok 84 - built_tests\SitemapTest::testSitemapUrl83
ok 85 - built_tests\SitemapTest::testSitemapUrl84
ok 86 - built_tests\SitemapTest::testSitemapUrl85
ok 87 - built_tests\SitemapTest::testSitemapUrl86
ok 88 - built_tests\SitemapTest::testSitemapUrl87
ok 89 - built_tests\SitemapTest::testSitemapUrl88
ok 90 - built_tests\SitemapTest::testSitemapUrl89
ok 91 - built_tests\SitemapTest::testSitemapUrl90
ok 92 - built_tests\SitemapTest::testSitemapUrl91
ok 93 - built_tests\SitemapTest::testSitemapUrl92
ok 94 - built_tests\SitemapTest::testSitemapUrl93
ok 95 - built_tests\SitemapTest::testSitemapUrl94
ok 96 - built_tests\SitemapTest::testSitemapUrl95
ok 97 - built_tests\SitemapTest::testSitemapUrl96
ok 98 - built_tests\SitemapTest::testSitemapUrl97
ok 99 - built_tests\SitemapTest::testSitemapUrl98
ok 100 - built_tests\SitemapTest::testSitemapUrl99
ok 101 - built_tests\SitemapTest::testSitemapUrl100
ok 102 - built_tests\SitemapTest::testSitemapUrl101
ok 103 - built_tests\SitemapTest::testSitemapUrl102
ok 104 - built_tests\SitemapTest::testSitemapUrl103
ok 105 - built_tests\SitemapTest::testSitemapUrl104
ok 106 - built_tests\SitemapTest::testSitemapUrl105
ok 107 - built_tests\SitemapTest::testSitemapUrl106
ok 108 - built_tests\SitemapTest::testSitemapUrl107
ok 109 - built_tests\SitemapTest::testSitemapUrl108
ok 110 - built_tests\SitemapTest::testSitemapUrl109
ok 111 - built_tests\SitemapTest::testSitemapUrl110
ok 112 - built_tests\SitemapTest::testSitemapUrl111
ok 113 - built_tests\SitemapTest::testSitemapUrl112
ok 114 - built_tests\SitemapTest::testSitemapUrl113
ok 115 - built_tests\SitemapTest::testSitemapUrl114
ok 116 - built_tests\SitemapTest::testSitemapUrl115
ok 117 - built_tests\SitemapTest::testSitemapUrl116
ok 118 - built_tests\SitemapTest::testSitemapUrl117
ok 119 - built_tests\SitemapTest::testSitemapUrl118
ok 120 - built_tests\SitemapTest::testSitemapUrl119
ok 121 - built_tests\SitemapTest::testSitemapUrl120
ok 122 - built_tests\SitemapTest::testSitemapUrl121
ok 123 - built_tests\SitemapTest::testSitemapUrl122
ok 124 - built_tests\SitemapTest::testSitemapUrl123
ok 125 - built_tests\SitemapTest::testSitemapUrl124
ok 126 - built_tests\SitemapTest::testSitemapUrl125
ok 127 - built_tests\SitemapTest::testSitemapUrl126
ok 128 - built_tests\SitemapTest::testSitemapUrl127
ok 129 - built_tests\SitemapTest::testSitemapUrl128
ok 130 - built_tests\SitemapTest::testSitemapUrl129
ok 131 - built_tests\SitemapTest::testSitemapUrl130
ok 132 - built_tests\SitemapTest::testSitemapUrl131
ok 133 - built_tests\SitemapTest::testSitemapUrl132
ok 134 - built_tests\SitemapTest::testSitemapUrl133
ok 135 - built_tests\SitemapTest::testSitemapUrl134
ok 136 - built_tests\SitemapTest::testSitemapUrl135
ok 137 - built_tests\SitemapTest::testSitemapUrl136
ok 138 - built_tests\SitemapTest::testSitemapUrl137
ok 139 - built_tests\SitemapTest::testSitemapUrl138
ok 140 - built_tests\SitemapTest::testSitemapUrl139
ok 141 - built_tests\SitemapTest::testSitemapUrl140
ok 142 - built_tests\SitemapTest::testSitemapUrl141
ok 143 - built_tests\SitemapTest::testSitemapUrl142
ok 144 - built_tests\SitemapTest::testSitemapUrl143
ok 145 - built_tests\SitemapTest::testSitemapUrl144
ok 146 - built_tests\SitemapTest::testSitemapUrl145
ok 147 - built_tests\SitemapTest::testSitemapUrl146
ok 148 - built_tests\SitemapTest::testSitemapUrl147
ok 149 - built_tests\SitemapTest::testSitemapUrl148
ok 150 - built_tests\SitemapTest::testSitemapUrl149
ok 151 - built_tests\SitemapTest::testSitemapUrl150
ok 152 - built_tests\SitemapTest::testSitemapUrl151
ok 153 - built_tests\SitemapTest::testSitemapUrl152
ok 154 - built_tests\SitemapTest::testSitemapUrl153
ok 155 - built_tests\SitemapTest::testSitemapUrl154
ok 156 - built_tests\SitemapTest::testSitemapUrl155
ok 157 - built_tests\SitemapTest::testSitemapUrl156
ok 158 - built_tests\SitemapTest::testSitemapUrl157
ok 159 - built_tests\SitemapTest::testSitemapUrl158
ok 160 - built_tests\SitemapTest::testSitemapUrl159
ok 161 - built_tests\SitemapTest::testSitemapUrl160
ok 162 - built_tests\SitemapTest::testSitemapUrl161
ok 163 - built_tests\SitemapTest::testSitemapUrl162
ok 164 - built_tests\SitemapTest::testSitemapUrl163
ok 165 - built_tests\SitemapTest::testSitemapUrl164
ok 166 - built_tests\SitemapTest::testSitemapUrl165
ok 167 - built_tests\SitemapTest::testSitemapUrl166
ok 168 - built_tests\SitemapTest::testSitemapUrl167
ok 169 - built_tests\SitemapTest::testSitemapUrl168
ok 170 - built_tests\SitemapTest::testSitemapUrl169
ok 171 - built_tests\SitemapTest::testSitemapUrl170
ok 172 - built_tests\SitemapTest::testSitemapUrl171
ok 173 - built_tests\SitemapTest::testSitemapUrl172
ok 174 - built_tests\SitemapTest::testSitemapUrl173
ok 175 - built_tests\SitemapTest::testSitemapUrl174
ok 176 - built_tests\SitemapTest::testSitemapUrl175
ok 177 - built_tests\SitemapTest::testSitemapUrl176
ok 178 - built_tests\SitemapTest::testSitemapUrl177
ok 179 - built_tests\SitemapTest::testSitemapUrl178
ok 180 - built_tests\SitemapTest::testSitemapUrl179
ok 181 - built_tests\SitemapTest::testSitemapUrl180
ok 182 - built_tests\SitemapTest::testSitemapUrl181
ok 183 - built_tests\SitemapTest::testSitemapUrl182
ok 184 - built_tests\SitemapTest::testSitemapUrl183
ok 185 - built_tests\SitemapTest::testSitemapUrl184
ok 186 - built_tests\SitemapTest::testSitemapUrl185
ok 187 - built_tests\SitemapTest::testSitemapUrl186
ok 188 - built_tests\SitemapTest::testSitemapUrl187
ok 189 - built_tests\SitemapTest::testSitemapUrl188
ok 190 - built_tests\SitemapTest::testSitemapUrl189
ok 191 - built_tests\SitemapTest::testSitemapUrl190
ok 192 - built_tests\SitemapTest::testSitemapUrl191
ok 193 - built_tests\SitemapTest::testSitemapUrl192
ok 194 - built_tests\SitemapTest::testSitemapUrl193
ok 195 - built_tests\SitemapTest::testSitemapUrl194
ok 196 - built_tests\SitemapTest::testSitemapUrl195
ok 197 - built_tests\SitemapTest::testSitemapUrl196
ok 198 - built_tests\SitemapTest::testSitemapUrl197
ok 199 - built_tests\SitemapTest::testSitemapUrl198
ok 200 - built_tests\SitemapTest::testSitemapUrl199
ok 201 - built_tests\SitemapTest::testSitemapUrl200
ok 202 - built_tests\SitemapTest::testSitemapUrl201
ok 203 - built_tests\SitemapTest::testSitemapUrl202
ok 204 - built_tests\SitemapTest::testSitemapUrl203
ok 205 - built_tests\SitemapTest::testSitemapUrl204
ok 206 - built_tests\SitemapTest::testSitemapUrl205
ok 207 - built_tests\SitemapTest::testSitemapUrl206
ok 208 - built_tests\SitemapTest::testSitemapUrl207
ok 209 - built_tests\SitemapTest::testSitemapUrl208
ok 210 - built_tests\SitemapTest::testSitemapUrl209
ok 211 - built_tests\SitemapTest::testSitemapUrl210
ok 212 - built_tests\SitemapTest::testSitemapUrl211
ok 213 - built_tests\SitemapTest::testSitemapUrl212
ok 214 - built_tests\SitemapTest::testSitemapUrl213
ok 215 - built_tests\SitemapTest::testSitemapUrl214
ok 216 - built_tests\SitemapTest::testSitemapUrl215
ok 217 - built_tests\SitemapTest::testSitemapUrl216
ok 218 - built_tests\SitemapTest::testSitemapUrl217
ok 219 - built_tests\SitemapTest::testSitemapUrl218
ok 220 - built_tests\SitemapTest::testSitemapUrl219
ok 221 - built_tests\SitemapTest::testSitemapUrl220
ok 222 - built_tests\SitemapTest::testSitemapUrl221
ok 223 - built_tests\SitemapTest::testSitemapUrl222
ok 224 - built_tests\SitemapTest::testSitemapUrl223
ok 225 - built_tests\SitemapTest::testSitemapUrl224
ok 226 - built_tests\SitemapTest::testSitemapUrl225
ok 227 - built_tests\SitemapTest::testSitemapUrl226
ok 228 - built_tests\SitemapTest::testSitemapUrl227
ok 229 - built_tests\SitemapTest::testSitemapUrl228
ok 230 - built_tests\SitemapTest::testSitemapUrl229
ok 231 - built_tests\SitemapTest::testSitemapUrl230
ok 232 - built_tests\SitemapTest::testSitemapUrl231
ok 233 - built_tests\SitemapTest::testSitemapUrl232
ok 234 - built_tests\SitemapTest::testSitemapUrl233
ok 235 - built_tests\SitemapTest::testSitemapUrl234
ok 236 - built_tests\SitemapTest::testSitemapUrl235
ok 237 - built_tests\SitemapTest::testSitemapUrl236
ok 238 - built_tests\SitemapTest::testSitemapUrl237
ok 239 - built_tests\SitemapTest::testSitemapUrl238
ok 240 - built_tests\SitemapTest::testSitemapUrl239
ok 241 - built_tests\SitemapTest::testSitemapUrl240
ok 242 - built_tests\SitemapTest::testSitemapUrl241
ok 243 - built_tests\SitemapTest::testSitemapUrl242
ok 244 - built_tests\SitemapTest::testSitemapUrl243
ok 245 - built_tests\SitemapTest::testSitemapUrl244
ok 246 - built_tests\SitemapTest::testSitemapUrl245
ok 247 - built_tests\SitemapTest::testSitemapUrl246
ok 248 - built_tests\SitemapTest::testSitemapUrl247
ok 249 - built_tests\SitemapTest::testSitemapUrl248
ok 250 - built_tests\SitemapTest::testSitemapUrl249
ok 251 - built_tests\SitemapTest::testSitemapUrl250
ok 252 - built_tests\SitemapTest::testSitemapUrl251
ok 253 - built_tests\SitemapTest::testSitemapUrl252
ok 254 - built_tests\SitemapTest::testSitemapUrl253
ok 255 - built_tests\SitemapTest::testSitemapUrl254
