TAP version 13
ok 1 - built_tests\SitemapTest::testSitemapUrl0
ok 2 - built_tests\SitemapTest::testSitemapUrl1
ok 3 - built_tests\SitemapTest::testSitemapUrl2
ok 4 - built_tests\SitemapTest::testSitemapUrl3
ok 5 - built_tests\SitemapTest::testSitemapUrl4
ok 6 - built_tests\SitemapTest::testSitemapUrl5
ok 7 - built_tests\SitemapTest::testSitemapUrl6
ok 8 - built_tests\SitemapTest::testSitemapUrl7
ok 9 - built_tests\SitemapTest::testSitemapUrl8
ok 10 - built_tests\SitemapTest::testSitemapUrl9
ok 11 - built_tests\SitemapTest::testSitemapUrl10
ok 12 - built_tests\SitemapTest::testSitemapUrl11
ok 13 - built_tests\SitemapTest::testSitemapUrl12
ok 14 - built_tests\SitemapTest::testSitemapUrl13
ok 15 - built_tests\SitemapTest::testSitemapUrl14
ok 16 - built_tests\SitemapTest::testSitemapUrl15
ok 17 - built_tests\SitemapTest::testSitemapUrl16
ok 18 - built_tests\SitemapTest::testSitemapUrl17
ok 19 - built_tests\SitemapTest::testSitemapUrl18
ok 20 - built_tests\SitemapTest::testSitemapUrl19
ok 21 - built_tests\SitemapTest::testSitemapUrl20
ok 22 - built_tests\SitemapTest::testSitemapUrl21
ok 23 - built_tests\SitemapTest::testSitemapUrl22
ok 24 - built_tests\SitemapTest::testSitemapUrl23
ok 25 - built_tests\SitemapTest::testSitemapUrl24
ok 26 - built_tests\SitemapTest::testSitemapUrl25
ok 27 - built_tests\SitemapTest::testSitemapUrl26
ok 28 - built_tests\SitemapTest::testSitemapUrl27
ok 29 - built_tests\SitemapTest::testSitemapUrl28
ok 30 - built_tests\SitemapTest::testSitemapUrl29
ok 31 - built_tests\SitemapTest::testSitemapUrl30
ok 32 - built_tests\SitemapTest::testSitemapUrl31
ok 33 - built_tests\SitemapTest::testSitemapUrl32
ok 34 - built_tests\SitemapTest::testSitemapUrl33
ok 35 - built_tests\SitemapTest::testSitemapUrl34
ok 36 - built_tests\SitemapTest::testSitemapUrl35
ok 37 - built_tests\SitemapTest::testSitemapUrl36
ok 38 - built_tests\SitemapTest::testSitemapUrl37
ok 39 - built_tests\SitemapTest::testSitemapUrl38
ok 40 - built_tests\SitemapTest::testSitemapUrl39
ok 41 - built_tests\SitemapTest::testSitemapUrl40
ok 42 - built_tests\SitemapTest::testSitemapUrl41
ok 43 - built_tests\SitemapTest::testSitemapUrl42
ok 44 - built_tests\SitemapTest::testSitemapUrl43
ok 45 - built_tests\SitemapTest::testSitemapUrl44
ok 46 - built_tests\SitemapTest::testSitemapUrl45
ok 47 - built_tests\SitemapTest::testSitemapUrl46
ok 48 - built_tests\SitemapTest::testSitemapUrl47
ok 49 - built_tests\SitemapTest::testSitemapUrl48
ok 50 - built_tests\SitemapTest::testSitemapUrl49
ok 51 - built_tests\SitemapTest::testSitemapUrl50
ok 52 - built_tests\SitemapTest::testSitemapUrl51
ok 53 - built_tests\SitemapTest::testSitemapUrl52
ok 54 - built_tests\SitemapTest::testSitemapUrl53
ok 55 - built_tests\SitemapTest::testSitemapUrl54
ok 56 - built_tests\SitemapTest::testSitemapUrl55
ok 57 - built_tests\SitemapTest::testSitemapUrl56
ok 58 - built_tests\SitemapTest::testSitemapUrl57
ok 59 - built_tests\SitemapTest::testSitemapUrl58
ok 60 - built_tests\SitemapTest::testSitemapUrl59
ok 61 - built_tests\SitemapTest::testSitemapUrl60
ok 62 - built_tests\SitemapTest::testSitemapUrl61
ok 63 - built_tests\SitemapTest::testSitemapUrl62
ok 64 - built_tests\SitemapTest::testSitemapUrl63
ok 65 - built_tests\SitemapTest::testSitemapUrl64
ok 66 - built_tests\SitemapTest::testSitemapUrl65
ok 67 - built_tests\SitemapTest::testSitemapUrl66
ok 68 - built_tests\SitemapTest::testSitemapUrl67
ok 69 - built_tests\SitemapTest::testSitemapUrl68
ok 70 - built_tests\SitemapTest::testSitemapUrl69
ok 71 - built_tests\SitemapTest::testSitemapUrl70
ok 72 - built_tests\SitemapTest::testSitemapUrl71
ok 73 - built_tests\SitemapTest::testSitemapUrl72
ok 74 - built_tests\SitemapTest::testSitemapUrl73
ok 75 - built_tests\SitemapTest::testSitemapUrl74
ok 76 - built_tests\SitemapTest::testSitemapUrl75
ok 77 - built_tests\SitemapTest::testSitemapUrl76
ok 78 - built_tests\SitemapTest::testSitemapUrl77
ok 79 - built_tests\SitemapTest::testSitemapUrl78
ok 80 - built_tests\SitemapTest::testSitemapUrl79
ok 81 - built_tests\SitemapTest::testSitemapUrl80
ok 82 - built_tests\SitemapTest::testSitemapUrl81
ok 83 - built_tests\SitemapTest::testSitemapUrl82
ok 84 - built_tests\SitemapTest::testSitemapUrl83
ok 85 - built_tests\SitemapTest::testSitemapUrl84
ok 86 - built_tests\SitemapTest::testSitemapUrl85
ok 87 - built_tests\SitemapTest::testSitemapUrl86
ok 88 - built_tests\SitemapTest::testSitemapUrl87
ok 89 - built_tests\SitemapTest::testSitemapUrl88
ok 90 - built_tests\SitemapTest::testSitemapUrl89
ok 91 - built_tests\SitemapTest::testSitemapUrl90
ok 92 - built_tests\SitemapTest::testSitemapUrl91
ok 93 - built_tests\SitemapTest::testSitemapUrl92
ok 94 - built_tests\SitemapTest::testSitemapUrl93
ok 95 - built_tests\SitemapTest::testSitemapUrl94
ok 96 - built_tests\SitemapTest::testSitemapUrl95
ok 97 - built_tests\SitemapTest::testSitemapUrl96
ok 98 - built_tests\SitemapTest::testSitemapUrl97
ok 99 - built_tests\SitemapTest::testSitemapUrl98
ok 100 - built_tests\SitemapTest::testSitemapUrl99
ok 101 - built_tests\SitemapTest::testSitemapUrl100
ok 102 - built_tests\SitemapTest::testSitemapUrl101
ok 103 - built_tests\SitemapTest::testSitemapUrl102
ok 104 - built_tests\SitemapTest::testSitemapUrl103
ok 105 - built_tests\SitemapTest::testSitemapUrl104
ok 106 - built_tests\SitemapTest::testSitemapUrl105
ok 107 - built_tests\SitemapTest::testSitemapUrl106
ok 108 - built_tests\SitemapTest::testSitemapUrl107
ok 109 - built_tests\SitemapTest::testSitemapUrl108
ok 110 - built_tests\SitemapTest::testSitemapUrl109
ok 111 - built_tests\SitemapTest::testSitemapUrl110
ok 112 - built_tests\SitemapTest::testSitemapUrl111
ok 113 - built_tests\SitemapTest::testSitemapUrl112
ok 114 - built_tests\SitemapTest::testSitemapUrl113
ok 115 - built_tests\SitemapTest::testSitemapUrl114
ok 116 - built_tests\SitemapTest::testSitemapUrl115
ok 117 - built_tests\SitemapTest::testSitemapUrl116
ok 118 - built_tests\SitemapTest::testSitemapUrl117
ok 119 - built_tests\SitemapTest::testSitemapUrl118
ok 120 - built_tests\SitemapTest::testSitemapUrl119
ok 121 - built_tests\SitemapTest::testSitemapUrl120
ok 122 - built_tests\SitemapTest::testSitemapUrl121
ok 123 - built_tests\SitemapTest::testSitemapUrl122
ok 124 - built_tests\SitemapTest::testSitemapUrl123
ok 125 - built_tests\SitemapTest::testSitemapUrl124
ok 126 - built_tests\SitemapTest::testSitemapUrl125
ok 127 - built_tests\SitemapTest::testSitemapUrl126
ok 128 - built_tests\SitemapTest::testSitemapUrl127
ok 129 - built_tests\SitemapTest::testSitemapUrl128
ok 130 - built_tests\SitemapTest::testSitemapUrl129
ok 131 - built_tests\SitemapTest::testSitemapUrl130
ok 132 - built_tests\SitemapTest::testSitemapUrl131
ok 133 - built_tests\SitemapTest::testSitemapUrl132
ok 134 - built_tests\SitemapTest::testSitemapUrl133
ok 135 - built_tests\SitemapTest::testSitemapUrl134
ok 136 - built_tests\SitemapTest::testSitemapUrl135
ok 137 - built_tests\SitemapTest::testSitemapUrl136
ok 138 - built_tests\SitemapTest::testSitemapUrl137
ok 139 - built_tests\SitemapTest::testSitemapUrl138
ok 140 - built_tests\SitemapTest::testSitemapUrl139
ok 141 - built_tests\SitemapTest::testSitemapUrl140
ok 142 - built_tests\SitemapTest::testSitemapUrl141
ok 143 - built_tests\SitemapTest::testSitemapUrl142
ok 144 - built_tests\SitemapTest::testSitemapUrl143
ok 145 - built_tests\SitemapTest::testSitemapUrl144
ok 146 - built_tests\SitemapTest::testSitemapUrl145
ok 147 - built_tests\SitemapTest::testSitemapUrl146
ok 148 - built_tests\SitemapTest::testSitemapUrl147
ok 149 - built_tests\SitemapTest::testSitemapUrl148
ok 150 - built_tests\SitemapTest::testSitemapUrl149
ok 151 - built_tests\SitemapTest::testSitemapUrl150
ok 152 - built_tests\SitemapTest::testSitemapUrl151
ok 153 - built_tests\SitemapTest::testSitemapUrl152
ok 154 - built_tests\SitemapTest::testSitemapUrl153
ok 155 - built_tests\SitemapTest::testSitemapUrl154
ok 156 - built_tests\SitemapTest::testSitemapUrl155
ok 157 - built_tests\SitemapTest::testSitemapUrl156
ok 158 - built_tests\SitemapTest::testSitemapUrl157
ok 159 - built_tests\SitemapTest::testSitemapUrl158
ok 160 - built_tests\SitemapTest::testSitemapUrl159
ok 161 - built_tests\SitemapTest::testSitemapUrl160
ok 162 - built_tests\SitemapTest::testSitemapUrl161
ok 163 - built_tests\SitemapTest::testSitemapUrl162
ok 164 - built_tests\SitemapTest::testSitemapUrl163
ok 165 - built_tests\SitemapTest::testSitemapUrl164
ok 166 - built_tests\SitemapTest::testSitemapUrl165
ok 167 - built_tests\SitemapTest::testSitemapUrl166
ok 168 - built_tests\SitemapTest::testSitemapUrl167
ok 169 - built_tests\SitemapTest::testSitemapUrl168
ok 170 - built_tests\SitemapTest::testSitemapUrl169
ok 171 - built_tests\SitemapTest::testSitemapUrl170
ok 172 - built_tests\SitemapTest::testSitemapUrl171
ok 173 - built_tests\SitemapTest::testSitemapUrl172
ok 174 - built_tests\SitemapTest::testSitemapUrl173
ok 175 - built_tests\SitemapTest::testSitemapUrl174
ok 176 - built_tests\SitemapTest::testSitemapUrl175
ok 177 - built_tests\SitemapTest::testSitemapUrl176
ok 178 - built_tests\SitemapTest::testSitemapUrl177
ok 179 - built_tests\SitemapTest::testSitemapUrl178
ok 180 - built_tests\SitemapTest::testSitemapUrl179
ok 181 - built_tests\SitemapTest::testSitemapUrl180
ok 182 - built_tests\SitemapTest::testSitemapUrl181
ok 183 - built_tests\SitemapTest::testSitemapUrl182
ok 184 - built_tests\SitemapTest::testSitemapUrl183
ok 185 - built_tests\SitemapTest::testSitemapUrl184
ok 186 - built_tests\SitemapTest::testSitemapUrl185
ok 187 - built_tests\SitemapTest::testSitemapUrl186
ok 188 - built_tests\SitemapTest::testSitemapUrl187
ok 189 - built_tests\SitemapTest::testSitemapUrl188
ok 190 - built_tests\SitemapTest::testSitemapUrl189
ok 191 - built_tests\SitemapTest::testSitemapUrl190
ok 192 - built_tests\SitemapTest::testSitemapUrl191
ok 193 - built_tests\SitemapTest::testSitemapUrl192
ok 194 - built_tests\SitemapTest::testSitemapUrl193
ok 195 - built_tests\SitemapTest::testSitemapUrl194
ok 196 - built_tests\SitemapTest::testSitemapUrl195
ok 197 - built_tests\SitemapTest::testSitemapUrl196
ok 198 - built_tests\SitemapTest::testSitemapUrl197
ok 199 - built_tests\SitemapTest::testSitemapUrl198
ok 200 - built_tests\SitemapTest::testSitemapUrl199
ok 201 - built_tests\SitemapTest::testSitemapUrl200
ok 202 - built_tests\SitemapTest::testSitemapUrl201
ok 203 - built_tests\SitemapTest::testSitemapUrl202
ok 204 - built_tests\SitemapTest::testSitemapUrl203
ok 205 - built_tests\SitemapTest::testSitemapUrl204
ok 206 - built_tests\SitemapTest::testSitemapUrl205
ok 207 - built_tests\SitemapTest::testSitemapUrl206
ok 208 - built_tests\SitemapTest::testSitemapUrl207
ok 209 - built_tests\SitemapTest::testSitemapUrl208
ok 210 - built_tests\SitemapTest::testSitemapUrl209
ok 211 - built_tests\SitemapTest::testSitemapUrl210
ok 212 - built_tests\SitemapTest::testSitemapUrl211
ok 213 - built_tests\SitemapTest::testSitemapUrl212
ok 214 - built_tests\SitemapTest::testSitemapUrl213
ok 215 - built_tests\SitemapTest::testSitemapUrl214
ok 216 - built_tests\SitemapTest::testSitemapUrl215
ok 217 - built_tests\SitemapTest::testSitemapUrl216
ok 218 - built_tests\SitemapTest::testSitemapUrl217
ok 219 - built_tests\SitemapTest::testSitemapUrl218
ok 220 - built_tests\SitemapTest::testSitemapUrl219
ok 221 - built_tests\SitemapTest::testSitemapUrl220
ok 222 - built_tests\SitemapTest::testSitemapUrl221
ok 223 - built_tests\SitemapTest::testSitemapUrl222
ok 224 - built_tests\SitemapTest::testSitemapUrl223
ok 225 - built_tests\SitemapTest::testSitemapUrl224
ok 226 - built_tests\SitemapTest::testSitemapUrl225
ok 227 - built_tests\SitemapTest::testSitemapUrl226
ok 228 - built_tests\SitemapTest::testSitemapUrl227
ok 229 - built_tests\SitemapTest::testSitemapUrl228
ok 230 - built_tests\SitemapTest::testSitemapUrl229
ok 231 - built_tests\SitemapTest::testSitemapUrl230
ok 232 - built_tests\SitemapTest::testSitemapUrl231
ok 233 - built_tests\SitemapTest::testSitemapUrl232
ok 234 - built_tests\SitemapTest::testSitemapUrl233
ok 235 - built_tests\SitemapTest::testSitemapUrl234
ok 236 - built_tests\SitemapTest::testSitemapUrl235
ok 237 - built_tests\SitemapTest::testSitemapUrl236
ok 238 - built_tests\SitemapTest::testSitemapUrl237
ok 239 - built_tests\SitemapTest::testSitemapUrl238
ok 240 - built_tests\SitemapTest::testSitemapUrl239
ok 241 - built_tests\SitemapTest::testSitemapUrl240
ok 242 - built_tests\SitemapTest::testSitemapUrl241
ok 243 - built_tests\SitemapTest::testSitemapUrl242
ok 244 - built_tests\SitemapTest::testSitemapUrl243
ok 245 - built_tests\SitemapTest::testSitemapUrl244
ok 246 - built_tests\SitemapTest::testSitemapUrl245
ok 247 - built_tests\SitemapTest::testSitemapUrl246
ok 248 - built_tests\SitemapTest::testSitemapUrl247
ok 249 - built_tests\SitemapTest::testSitemapUrl248
ok 250 - built_tests\SitemapTest::testSitemapUrl249
ok 251 - built_tests\SitemapTest::testSitemapUrl250
ok 252 - built_tests\SitemapTest::testSitemapUrl251
ok 253 - built_tests\SitemapTest::testSitemapUrl252
ok 254 - built_tests\SitemapTest::testSitemapUrl253
ok 255 - built_tests\SitemapTest::testSitemapUrl254
ok 256 - built_tests\SitemapTest::testSitemapUrl255
ok 257 - built_tests\SitemapTest::testSitemapUrl256
ok 258 - built_tests\SitemapTest::testSitemapUrl257
ok 259 - built_tests\SitemapTest::testSitemapUrl258
ok 260 - built_tests\SitemapTest::testSitemapUrl259
ok 261 - built_tests\SitemapTest::testSitemapUrl260
ok 262 - built_tests\SitemapTest::testSitemapUrl261
ok 263 - built_tests\SitemapTest::testSitemapUrl262
ok 264 - built_tests\SitemapTest::testSitemapUrl263
ok 265 - built_tests\SitemapTest::testSitemapUrl264
ok 266 - built_tests\SitemapTest::testSitemapUrl265
ok 267 - built_tests\SitemapTest::testSitemapUrl266
ok 268 - built_tests\SitemapTest::testSitemapUrl267
ok 269 - built_tests\SitemapTest::testSitemapUrl268
ok 270 - built_tests\SitemapTest::testSitemapUrl269
ok 271 - built_tests\SitemapTest::testSitemapUrl270
ok 272 - built_tests\SitemapTest::testSitemapUrl271
ok 273 - built_tests\SitemapTest::testSitemapUrl272
ok 274 - built_tests\SitemapTest::testSitemapUrl273
ok 275 - built_tests\SitemapTest::testSitemapUrl274
ok 276 - built_tests\SitemapTest::testSitemapUrl275
ok 277 - built_tests\SitemapTest::testSitemapUrl276
ok 278 - built_tests\SitemapTest::testSitemapUrl277
ok 279 - built_tests\SitemapTest::testSitemapUrl278
ok 280 - built_tests\SitemapTest::testSitemapUrl279
ok 281 - built_tests\SitemapTest::testSitemapUrl280
ok 282 - built_tests\SitemapTest::testSitemapUrl281
ok 283 - built_tests\SitemapTest::testSitemapUrl282
ok 284 - built_tests\SitemapTest::testSitemapUrl283
ok 285 - built_tests\SitemapTest::testSitemapUrl284
ok 286 - built_tests\SitemapTest::testSitemapUrl285
ok 287 - built_tests\SitemapTest::testSitemapUrl286
ok 288 - built_tests\SitemapTest::testSitemapUrl287
ok 289 - built_tests\SitemapTest::testSitemapUrl288
ok 290 - built_tests\SitemapTest::testSitemapUrl289
ok 291 - built_tests\SitemapTest::testSitemapUrl290
ok 292 - built_tests\SitemapTest::testSitemapUrl291
ok 293 - built_tests\SitemapTest::testSitemapUrl292
ok 294 - built_tests\SitemapTest::testSitemapUrl293
ok 295 - built_tests\SitemapTest::testSitemapUrl294
ok 296 - built_tests\SitemapTest::testSitemapUrl295
ok 297 - built_tests\SitemapTest::testSitemapUrl296
ok 298 - built_tests\SitemapTest::testSitemapUrl297
ok 299 - built_tests\SitemapTest::testSitemapUrl298
ok 300 - built_tests\SitemapTest::testSitemapUrl299
ok 301 - built_tests\SitemapTest::testSitemapUrl300
ok 302 - built_tests\SitemapTest::testSitemapUrl301
ok 303 - built_tests\SitemapTest::testSitemapUrl302
ok 304 - built_tests\SitemapTest::testSitemapUrl303
ok 305 - built_tests\SitemapTest::testSitemapUrl304
ok 306 - built_tests\SitemapTest::testSitemapUrl305
ok 307 - built_tests\SitemapTest::testSitemapUrl306
ok 308 - built_tests\SitemapTest::testSitemapUrl307
ok 309 - built_tests\SitemapTest::testSitemapUrl308
ok 310 - built_tests\SitemapTest::testSitemapUrl309
ok 311 - built_tests\SitemapTest::testSitemapUrl310
ok 312 - built_tests\SitemapTest::testSitemapUrl311
ok 313 - built_tests\SitemapTest::testSitemapUrl312
ok 314 - built_tests\SitemapTest::testSitemapUrl313
ok 315 - built_tests\SitemapTest::testSitemapUrl314
ok 316 - built_tests\SitemapTest::testSitemapUrl315
ok 317 - built_tests\SitemapTest::testSitemapUrl316
ok 318 - built_tests\SitemapTest::testSitemapUrl317
ok 319 - built_tests\SitemapTest::testSitemapUrl318
ok 320 - built_tests\SitemapTest::testSitemapUrl319
ok 321 - built_tests\SitemapTest::testSitemapUrl320
ok 322 - built_tests\SitemapTest::testSitemapUrl321
ok 323 - built_tests\SitemapTest::testSitemapUrl322
ok 324 - built_tests\SitemapTest::testSitemapUrl323
ok 325 - built_tests\SitemapTest::testSitemapUrl324
ok 326 - built_tests\SitemapTest::testSitemapUrl325
ok 327 - built_tests\SitemapTest::testSitemapUrl326
ok 328 - built_tests\SitemapTest::testSitemapUrl327
ok 329 - built_tests\SitemapTest::testSitemapUrl328
ok 330 - built_tests\SitemapTest::testSitemapUrl329
ok 331 - built_tests\SitemapTest::testSitemapUrl330
ok 332 - built_tests\SitemapTest::testSitemapUrl331
ok 333 - built_tests\SitemapTest::testSitemapUrl332
ok 334 - built_tests\SitemapTest::testSitemapUrl333
ok 335 - built_tests\SitemapTest::testSitemapUrl334
ok 336 - built_tests\SitemapTest::testSitemapUrl335
ok 337 - built_tests\SitemapTest::testSitemapUrl336
ok 338 - built_tests\SitemapTest::testSitemapUrl337
ok 339 - built_tests\SitemapTest::testSitemapUrl338
ok 340 - built_tests\SitemapTest::testSitemapUrl339
ok 341 - built_tests\SitemapTest::testSitemapUrl340
ok 342 - built_tests\SitemapTest::testSitemapUrl341
ok 343 - built_tests\SitemapTest::testSitemapUrl342
ok 344 - built_tests\SitemapTest::testSitemapUrl343
ok 345 - built_tests\SitemapTest::testSitemapUrl344
ok 346 - built_tests\SitemapTest::testSitemapUrl345
ok 347 - built_tests\SitemapTest::testSitemapUrl346
ok 348 - built_tests\SitemapTest::testSitemapUrl347
ok 349 - built_tests\SitemapTest::testSitemapUrl348
ok 350 - built_tests\SitemapTest::testSitemapUrl349
ok 351 - built_tests\SitemapTest::testSitemapUrl350
ok 352 - built_tests\SitemapTest::testSitemapUrl351
ok 353 - built_tests\SitemapTest::testSitemapUrl352
ok 354 - built_tests\SitemapTest::testSitemapUrl353
ok 355 - built_tests\SitemapTest::testSitemapUrl354
ok 356 - built_tests\SitemapTest::testSitemapUrl355
ok 357 - built_tests\SitemapTest::testSitemapUrl356
ok 358 - built_tests\SitemapTest::testSitemapUrl357
ok 359 - built_tests\SitemapTest::testSitemapUrl358
ok 360 - built_tests\SitemapTest::testSitemapUrl359
ok 361 - built_tests\SitemapTest::testSitemapUrl360
ok 362 - built_tests\SitemapTest::testSitemapUrl361
ok 363 - built_tests\SitemapTest::testSitemapUrl362
ok 364 - built_tests\SitemapTest::testSitemapUrl363
ok 365 - built_tests\SitemapTest::testSitemapUrl364
ok 366 - built_tests\SitemapTest::testSitemapUrl365
ok 367 - built_tests\SitemapTest::testSitemapUrl366
ok 368 - built_tests\SitemapTest::testSitemapUrl367
ok 369 - built_tests\SitemapTest::testSitemapUrl368
ok 370 - built_tests\SitemapTest::testSitemapUrl369
ok 371 - built_tests\SitemapTest::testSitemapUrl370
ok 372 - built_tests\SitemapTest::testSitemapUrl371
ok 373 - built_tests\SitemapTest::testSitemapUrl372
ok 374 - built_tests\SitemapTest::testSitemapUrl373
ok 375 - built_tests\SitemapTest::testSitemapUrl374
ok 376 - built_tests\SitemapTest::testSitemapUrl375
ok 377 - built_tests\SitemapTest::testSitemapUrl376
ok 378 - built_tests\SitemapTest::testSitemapUrl377
ok 379 - built_tests\SitemapTest::testSitemapUrl378
ok 380 - built_tests\SitemapTest::testSitemapUrl379
ok 381 - built_tests\SitemapTest::testSitemapUrl380
ok 382 - built_tests\SitemapTest::testSitemapUrl381
ok 383 - built_tests\SitemapTest::testSitemapUrl382
ok 384 - built_tests\SitemapTest::testSitemapUrl383
ok 385 - built_tests\SitemapTest::testSitemapUrl384
ok 386 - built_tests\SitemapTest::testSitemapUrl385
ok 387 - built_tests\SitemapTest::testSitemapUrl386
ok 388 - built_tests\SitemapTest::testSitemapUrl387
ok 389 - built_tests\SitemapTest::testSitemapUrl388
ok 390 - built_tests\SitemapTest::testSitemapUrl389
ok 391 - built_tests\SitemapTest::testSitemapUrl390
ok 392 - built_tests\SitemapTest::testSitemapUrl391
ok 393 - built_tests\SitemapTest::testSitemapUrl392
ok 394 - built_tests\SitemapTest::testSitemapUrl393
ok 395 - built_tests\SitemapTest::testSitemapUrl394
ok 396 - built_tests\SitemapTest::testSitemapUrl395
ok 397 - built_tests\SitemapTest::testSitemapUrl396
ok 398 - built_tests\SitemapTest::testSitemapUrl397
ok 399 - built_tests\SitemapTest::testSitemapUrl398
ok 400 - built_tests\SitemapTest::testSitemapUrl399
ok 401 - built_tests\SitemapTest::testSitemapUrl400
ok 402 - built_tests\SitemapTest::testSitemapUrl401
ok 403 - built_tests\SitemapTest::testSitemapUrl402
ok 404 - built_tests\SitemapTest::testSitemapUrl403
ok 405 - built_tests\SitemapTest::testSitemapUrl404
ok 406 - built_tests\SitemapTest::testSitemapUrl405
ok 407 - built_tests\SitemapTest::testSitemapUrl406
ok 408 - built_tests\SitemapTest::testSitemapUrl407
ok 409 - built_tests\SitemapTest::testSitemapUrl408
ok 410 - built_tests\SitemapTest::testSitemapUrl409
ok 411 - built_tests\SitemapTest::testSitemapUrl410
ok 412 - built_tests\SitemapTest::testSitemapUrl411
ok 413 - built_tests\SitemapTest::testSitemapUrl412
ok 414 - built_tests\SitemapTest::testSitemapUrl413
ok 415 - built_tests\SitemapTest::testSitemapUrl414
ok 416 - built_tests\SitemapTest::testSitemapUrl415
ok 417 - built_tests\SitemapTest::testSitemapUrl416
ok 418 - built_tests\SitemapTest::testSitemapUrl417
ok 419 - built_tests\SitemapTest::testSitemapUrl418
ok 420 - built_tests\SitemapTest::testSitemapUrl419
ok 421 - built_tests\SitemapTest::testSitemapUrl420
ok 422 - built_tests\SitemapTest::testSitemapUrl421
ok 423 - built_tests\SitemapTest::testSitemapUrl422
ok 424 - built_tests\SitemapTest::testSitemapUrl423
ok 425 - built_tests\SitemapTest::testSitemapUrl424
ok 426 - built_tests\SitemapTest::testSitemapUrl425
ok 427 - built_tests\SitemapTest::testSitemapUrl426
ok 428 - built_tests\SitemapTest::testSitemapUrl427
ok 429 - built_tests\SitemapTest::testSitemapUrl428
ok 430 - built_tests\SitemapTest::testSitemapUrl429
ok 431 - built_tests\SitemapTest::testSitemapUrl430
ok 432 - built_tests\SitemapTest::testSitemapUrl431
ok 433 - built_tests\SitemapTest::testSitemapUrl432
ok 434 - built_tests\SitemapTest::testSitemapUrl433
ok 435 - built_tests\SitemapTest::testSitemapUrl434
ok 436 - built_tests\SitemapTest::testSitemapUrl435
ok 437 - built_tests\SitemapTest::testSitemapUrl436
ok 438 - built_tests\SitemapTest::testSitemapUrl437
ok 439 - built_tests\SitemapTest::testSitemapUrl438
ok 440 - built_tests\SitemapTest::testSitemapUrl439
ok 441 - built_tests\SitemapTest::testSitemapUrl440
ok 442 - built_tests\SitemapTest::testSitemapUrl441
ok 443 - built_tests\SitemapTest::testSitemapUrl442
ok 444 - built_tests\SitemapTest::testSitemapUrl443
ok 445 - built_tests\SitemapTest::testSitemapUrl444
ok 446 - built_tests\SitemapTest::testSitemapUrl445
ok 447 - built_tests\SitemapTest::testSitemapUrl446
ok 448 - built_tests\SitemapTest::testSitemapUrl447
ok 449 - built_tests\SitemapTest::testSitemapUrl448
ok 450 - built_tests\SitemapTest::testSitemapUrl449
ok 451 - built_tests\SitemapTest::testSitemapUrl450
ok 452 - built_tests\SitemapTest::testSitemapUrl451
ok 453 - built_tests\SitemapTest::testSitemapUrl452
ok 454 - built_tests\SitemapTest::testSitemapUrl453
ok 455 - built_tests\SitemapTest::testSitemapUrl454
ok 456 - built_tests\SitemapTest::testSitemapUrl455
ok 457 - built_tests\SitemapTest::testSitemapUrl456
ok 458 - built_tests\SitemapTest::testSitemapUrl457
ok 459 - built_tests\SitemapTest::testSitemapUrl458
ok 460 - built_tests\SitemapTest::testSitemapUrl459
ok 461 - built_tests\SitemapTest::testSitemapUrl460
ok 462 - built_tests\SitemapTest::testSitemapUrl461
ok 463 - built_tests\SitemapTest::testSitemapUrl462
ok 464 - built_tests\SitemapTest::testSitemapUrl463
ok 465 - built_tests\SitemapTest::testSitemapUrl464
ok 466 - built_tests\SitemapTest::testSitemapUrl465
ok 467 - built_tests\SitemapTest::testSitemapUrl466
ok 468 - built_tests\SitemapTest::testSitemapUrl467
ok 469 - built_tests\SitemapTest::testSitemapUrl468
ok 470 - built_tests\SitemapTest::testSitemapUrl469
ok 471 - built_tests\SitemapTest::testSitemapUrl470
ok 472 - built_tests\SitemapTest::testSitemapUrl471
ok 473 - built_tests\SitemapTest::testSitemapUrl472
ok 474 - built_tests\SitemapTest::testSitemapUrl473
ok 475 - built_tests\SitemapTest::testSitemapUrl474
ok 476 - built_tests\SitemapTest::testSitemapUrl475
ok 477 - built_tests\SitemapTest::testSitemapUrl476
ok 478 - built_tests\SitemapTest::testSitemapUrl477
ok 479 - built_tests\SitemapTest::testSitemapUrl478
ok 480 - built_tests\SitemapTest::testSitemapUrl479
ok 481 - built_tests\SitemapTest::testSitemapUrl480
ok 482 - built_tests\SitemapTest::testSitemapUrl481
ok 483 - built_tests\SitemapTest::testSitemapUrl482
ok 484 - built_tests\SitemapTest::testSitemapUrl483
ok 485 - built_tests\SitemapTest::testSitemapUrl484
ok 486 - built_tests\SitemapTest::testSitemapUrl485
ok 487 - built_tests\SitemapTest::testSitemapUrl486
ok 488 - built_tests\SitemapTest::testSitemapUrl487
ok 489 - built_tests\SitemapTest::testSitemapUrl488
ok 490 - built_tests\SitemapTest::testSitemapUrl489
ok 491 - built_tests\SitemapTest::testSitemapUrl490
ok 492 - built_tests\SitemapTest::testSitemapUrl491
ok 493 - built_tests\SitemapTest::testSitemapUrl492
ok 494 - built_tests\SitemapTest::testSitemapUrl493
ok 495 - built_tests\SitemapTest::testSitemapUrl494
ok 496 - built_tests\SitemapTest::testSitemapUrl495
ok 497 - built_tests\SitemapTest::testSitemapUrl496
ok 498 - built_tests\SitemapTest::testSitemapUrl497
ok 499 - built_tests\SitemapTest::testSitemapUrl498
ok 500 - built_tests\SitemapTest::testSitemapUrl499
ok 501 - built_tests\SitemapTest::testSitemapUrl500
ok 502 - built_tests\SitemapTest::testSitemapUrl501
ok 503 - built_tests\SitemapTest::testSitemapUrl502
ok 504 - built_tests\SitemapTest::testSitemapUrl503
ok 505 - built_tests\SitemapTest::testSitemapUrl504
ok 506 - built_tests\SitemapTest::testSitemapUrl505
ok 507 - built_tests\SitemapTest::testSitemapUrl506
ok 508 - built_tests\SitemapTest::testSitemapUrl507
ok 509 - built_tests\SitemapTest::testSitemapUrl508
ok 510 - built_tests\SitemapTest::testSitemapUrl509
ok 511 - built_tests\SitemapTest::testSitemapUrl510
ok 512 - built_tests\SitemapTest::testSitemapUrl511
ok 513 - built_tests\SitemapTest::testSitemapUrl512
ok 514 - built_tests\SitemapTest::testSitemapUrl513
ok 515 - built_tests\SitemapTest::testSitemapUrl514
ok 516 - built_tests\SitemapTest::testSitemapUrl515
ok 517 - built_tests\SitemapTest::testSitemapUrl516
ok 518 - built_tests\SitemapTest::testSitemapUrl517
ok 519 - built_tests\SitemapTest::testSitemapUrl518
ok 520 - built_tests\SitemapTest::testSitemapUrl519
ok 521 - built_tests\SitemapTest::testSitemapUrl520
ok 522 - built_tests\SitemapTest::testSitemapUrl521
ok 523 - built_tests\SitemapTest::testSitemapUrl522
ok 524 - built_tests\SitemapTest::testSitemapUrl523
ok 525 - built_tests\SitemapTest::testSitemapUrl524
ok 526 - built_tests\SitemapTest::testSitemapUrl525
ok 527 - built_tests\SitemapTest::testSitemapUrl526
ok 528 - built_tests\SitemapTest::testSitemapUrl527
ok 529 - built_tests\SitemapTest::testSitemapUrl528
ok 530 - built_tests\SitemapTest::testSitemapUrl529
ok 531 - built_tests\SitemapTest::testSitemapUrl530
ok 532 - built_tests\SitemapTest::testSitemapUrl531
ok 533 - built_tests\SitemapTest::testSitemapUrl532
ok 534 - built_tests\SitemapTest::testSitemapUrl533
ok 535 - built_tests\SitemapTest::testSitemapUrl534
ok 536 - built_tests\SitemapTest::testSitemapUrl535
ok 537 - built_tests\SitemapTest::testSitemapUrl536
ok 538 - built_tests\SitemapTest::testSitemapUrl537
ok 539 - built_tests\SitemapTest::testSitemapUrl538
ok 540 - built_tests\SitemapTest::testSitemapUrl539
ok 541 - built_tests\SitemapTest::testSitemapUrl540
ok 542 - built_tests\SitemapTest::testSitemapUrl541
ok 543 - built_tests\SitemapTest::testSitemapUrl542
ok 544 - built_tests\SitemapTest::testSitemapUrl543
ok 545 - built_tests\SitemapTest::testSitemapUrl544
ok 546 - built_tests\SitemapTest::testSitemapUrl545
ok 547 - built_tests\SitemapTest::testSitemapUrl546
ok 548 - built_tests\SitemapTest::testSitemapUrl547
ok 549 - built_tests\SitemapTest::testSitemapUrl548
ok 550 - built_tests\SitemapTest::testSitemapUrl549
ok 551 - built_tests\SitemapTest::testSitemapUrl550
ok 552 - built_tests\SitemapTest::testSitemapUrl551
ok 553 - built_tests\SitemapTest::testSitemapUrl552
ok 554 - built_tests\SitemapTest::testSitemapUrl553
ok 555 - built_tests\SitemapTest::testSitemapUrl554
ok 556 - built_tests\SitemapTest::testSitemapUrl555
ok 557 - built_tests\SitemapTest::testSitemapUrl556
ok 558 - built_tests\SitemapTest::testSitemapUrl557
ok 559 - built_tests\SitemapTest::testSitemapUrl558
ok 560 - built_tests\SitemapTest::testSitemapUrl559
ok 561 - built_tests\SitemapTest::testSitemapUrl560
ok 562 - built_tests\SitemapTest::testSitemapUrl561
ok 563 - built_tests\SitemapTest::testSitemapUrl562
ok 564 - built_tests\SitemapTest::testSitemapUrl563
ok 565 - built_tests\SitemapTest::testSitemapUrl564
ok 566 - built_tests\SitemapTest::testSitemapUrl565
ok 567 - built_tests\SitemapTest::testSitemapUrl566
ok 568 - built_tests\SitemapTest::testSitemapUrl567
ok 569 - built_tests\SitemapTest::testSitemapUrl568
ok 570 - built_tests\SitemapTest::testSitemapUrl569
ok 571 - built_tests\SitemapTest::testSitemapUrl570
ok 572 - built_tests\SitemapTest::testSitemapUrl571
ok 573 - built_tests\SitemapTest::testSitemapUrl572
ok 574 - built_tests\SitemapTest::testSitemapUrl573
ok 575 - built_tests\SitemapTest::testSitemapUrl574
ok 576 - built_tests\SitemapTest::testSitemapUrl575
ok 577 - built_tests\SitemapTest::testSitemapUrl576
ok 578 - built_tests\SitemapTest::testSitemapUrl577
ok 579 - built_tests\SitemapTest::testSitemapUrl578
ok 580 - built_tests\SitemapTest::testSitemapUrl579
ok 581 - built_tests\SitemapTest::testSitemapUrl580
ok 582 - built_tests\SitemapTest::testSitemapUrl581
ok 583 - built_tests\SitemapTest::testSitemapUrl582
ok 584 - built_tests\SitemapTest::testSitemapUrl583
ok 585 - built_tests\SitemapTest::testSitemapUrl584
ok 586 - built_tests\SitemapTest::testSitemapUrl585
ok 587 - built_tests\SitemapTest::testSitemapUrl586
ok 588 - built_tests\SitemapTest::testSitemapUrl587
ok 589 - built_tests\SitemapTest::testSitemapUrl588
ok 590 - built_tests\SitemapTest::testSitemapUrl589
ok 591 - built_tests\SitemapTest::testSitemapUrl590
ok 592 - built_tests\SitemapTest::testSitemapUrl591
ok 593 - built_tests\SitemapTest::testSitemapUrl592
ok 594 - built_tests\SitemapTest::testSitemapUrl593
ok 595 - built_tests\SitemapTest::testSitemapUrl594
ok 596 - built_tests\SitemapTest::testSitemapUrl595
ok 597 - built_tests\SitemapTest::testSitemapUrl596
ok 598 - built_tests\SitemapTest::testSitemapUrl597
ok 599 - built_tests\SitemapTest::testSitemapUrl598
ok 600 - built_tests\SitemapTest::testSitemapUrl599
ok 601 - built_tests\SitemapTest::testSitemapUrl600
ok 602 - built_tests\SitemapTest::testSitemapUrl601
ok 603 - built_tests\SitemapTest::testSitemapUrl602
ok 604 - built_tests\SitemapTest::testSitemapUrl603
ok 605 - built_tests\SitemapTest::testSitemapUrl604
ok 606 - built_tests\SitemapTest::testSitemapUrl605
ok 607 - built_tests\SitemapTest::testSitemapUrl606
ok 608 - built_tests\SitemapTest::testSitemapUrl607
ok 609 - built_tests\SitemapTest::testSitemapUrl608
ok 610 - built_tests\SitemapTest::testSitemapUrl609
ok 611 - built_tests\SitemapTest::testSitemapUrl610
ok 612 - built_tests\SitemapTest::testSitemapUrl611
ok 613 - built_tests\SitemapTest::testSitemapUrl612
ok 614 - built_tests\SitemapTest::testSitemapUrl613
ok 615 - built_tests\SitemapTest::testSitemapUrl614
ok 616 - built_tests\SitemapTest::testSitemapUrl615
ok 617 - built_tests\SitemapTest::testSitemapUrl616
ok 618 - built_tests\SitemapTest::testSitemapUrl617
ok 619 - built_tests\SitemapTest::testSitemapUrl618
ok 620 - built_tests\SitemapTest::testSitemapUrl619
ok 621 - built_tests\SitemapTest::testSitemapUrl620
ok 622 - built_tests\SitemapTest::testSitemapUrl621
ok 623 - built_tests\SitemapTest::testSitemapUrl622
ok 624 - built_tests\SitemapTest::testSitemapUrl623
ok 625 - built_tests\SitemapTest::testSitemapUrl624
ok 626 - built_tests\SitemapTest::testSitemapUrl625
ok 627 - built_tests\SitemapTest::testSitemapUrl626
ok 628 - built_tests\SitemapTest::testSitemapUrl627
ok 629 - built_tests\SitemapTest::testSitemapUrl628
ok 630 - built_tests\SitemapTest::testSitemapUrl629
ok 631 - built_tests\SitemapTest::testSitemapUrl630
ok 632 - built_tests\SitemapTest::testSitemapUrl631
ok 633 - built_tests\SitemapTest::testSitemapUrl632
ok 634 - built_tests\SitemapTest::testSitemapUrl633
ok 635 - built_tests\SitemapTest::testSitemapUrl634
ok 636 - built_tests\SitemapTest::testSitemapUrl635
ok 637 - built_tests\SitemapTest::testSitemapUrl636
ok 638 - built_tests\SitemapTest::testSitemapUrl637
ok 639 - built_tests\SitemapTest::testSitemapUrl638
ok 640 - built_tests\SitemapTest::testSitemapUrl639
ok 641 - built_tests\SitemapTest::testSitemapUrl640
ok 642 - built_tests\SitemapTest::testSitemapUrl641
ok 643 - built_tests\SitemapTest::testSitemapUrl642
ok 644 - built_tests\SitemapTest::testSitemapUrl643
ok 645 - built_tests\SitemapTest::testSitemapUrl644
ok 646 - built_tests\SitemapTest::testSitemapUrl645
ok 647 - built_tests\SitemapTest::testSitemapUrl646
ok 648 - built_tests\SitemapTest::testSitemapUrl647
ok 649 - built_tests\SitemapTest::testSitemapUrl648
ok 650 - built_tests\SitemapTest::testSitemapUrl649
ok 651 - built_tests\SitemapTest::testSitemapUrl650
ok 652 - built_tests\SitemapTest::testSitemapUrl651
ok 653 - built_tests\SitemapTest::testSitemapUrl652
ok 654 - built_tests\SitemapTest::testSitemapUrl653
ok 655 - built_tests\SitemapTest::testSitemapUrl654
ok 656 - built_tests\SitemapTest::testSitemapUrl655
ok 657 - built_tests\SitemapTest::testSitemapUrl656
ok 658 - built_tests\SitemapTest::testSitemapUrl657
ok 659 - built_tests\SitemapTest::testSitemapUrl658
ok 660 - built_tests\SitemapTest::testSitemapUrl659
ok 661 - built_tests\SitemapTest::testSitemapUrl660
ok 662 - built_tests\SitemapTest::testSitemapUrl661
ok 663 - built_tests\SitemapTest::testSitemapUrl662
ok 664 - built_tests\SitemapTest::testSitemapUrl663
ok 665 - built_tests\SitemapTest::testSitemapUrl664
ok 666 - built_tests\SitemapTest::testSitemapUrl665
ok 667 - built_tests\SitemapTest::testSitemapUrl666
ok 668 - built_tests\SitemapTest::testSitemapUrl667
ok 669 - built_tests\SitemapTest::testSitemapUrl668
ok 670 - built_tests\SitemapTest::testSitemapUrl669
ok 671 - built_tests\SitemapTest::testSitemapUrl670
ok 672 - built_tests\SitemapTest::testSitemapUrl671
ok 673 - built_tests\SitemapTest::testSitemapUrl672
ok 674 - built_tests\SitemapTest::testSitemapUrl673
ok 675 - built_tests\SitemapTest::testSitemapUrl674
ok 676 - built_tests\SitemapTest::testSitemapUrl675
ok 677 - built_tests\SitemapTest::testSitemapUrl676
ok 678 - built_tests\SitemapTest::testSitemapUrl677
ok 679 - built_tests\SitemapTest::testSitemapUrl678
ok 680 - built_tests\SitemapTest::testSitemapUrl679
ok 681 - built_tests\SitemapTest::testSitemapUrl680
ok 682 - built_tests\SitemapTest::testSitemapUrl681
ok 683 - built_tests\SitemapTest::testSitemapUrl682
ok 684 - built_tests\SitemapTest::testSitemapUrl683
ok 685 - built_tests\SitemapTest::testSitemapUrl684
ok 686 - built_tests\SitemapTest::testSitemapUrl685
ok 687 - built_tests\SitemapTest::testSitemapUrl686
ok 688 - built_tests\SitemapTest::testSitemapUrl687
ok 689 - built_tests\SitemapTest::testSitemapUrl688
ok 690 - built_tests\SitemapTest::testSitemapUrl689
ok 691 - built_tests\SitemapTest::testSitemapUrl690
ok 692 - built_tests\SitemapTest::testSitemapUrl691
ok 693 - built_tests\SitemapTest::testSitemapUrl692
ok 694 - built_tests\SitemapTest::testSitemapUrl693
ok 695 - built_tests\SitemapTest::testSitemapUrl694
ok 696 - built_tests\SitemapTest::testSitemapUrl695
ok 697 - built_tests\SitemapTest::testSitemapUrl696
ok 698 - built_tests\SitemapTest::testSitemapUrl697
ok 699 - built_tests\SitemapTest::testSitemapUrl698
ok 700 - built_tests\SitemapTest::testSitemapUrl699
ok 701 - built_tests\SitemapTest::testSitemapUrl700
ok 702 - built_tests\SitemapTest::testSitemapUrl701
ok 703 - built_tests\SitemapTest::testSitemapUrl702
ok 704 - built_tests\SitemapTest::testSitemapUrl703
ok 705 - built_tests\SitemapTest::testSitemapUrl704
ok 706 - built_tests\SitemapTest::testSitemapUrl705
ok 707 - built_tests\SitemapTest::testSitemapUrl706
ok 708 - built_tests\SitemapTest::testSitemapUrl707
ok 709 - built_tests\SitemapTest::testSitemapUrl708
ok 710 - built_tests\SitemapTest::testSitemapUrl709
ok 711 - built_tests\SitemapTest::testSitemapUrl710
ok 712 - built_tests\SitemapTest::testSitemapUrl711
ok 713 - built_tests\SitemapTest::testSitemapUrl712
ok 714 - built_tests\SitemapTest::testSitemapUrl713
ok 715 - built_tests\SitemapTest::testSitemapUrl714
ok 716 - built_tests\SitemapTest::testSitemapUrl715
ok 717 - built_tests\SitemapTest::testSitemapUrl716
ok 718 - built_tests\SitemapTest::testSitemapUrl717
ok 719 - built_tests\SitemapTest::testSitemapUrl718
ok 720 - built_tests\SitemapTest::testSitemapUrl719
ok 721 - built_tests\SitemapTest::testSitemapUrl720
ok 722 - built_tests\SitemapTest::testSitemapUrl721
ok 723 - built_tests\SitemapTest::testSitemapUrl722
ok 724 - built_tests\SitemapTest::testSitemapUrl723
ok 725 - built_tests\SitemapTest::testSitemapUrl724
ok 726 - built_tests\SitemapTest::testSitemapUrl725
ok 727 - built_tests\SitemapTest::testSitemapUrl726
ok 728 - built_tests\SitemapTest::testSitemapUrl727
ok 729 - built_tests\SitemapTest::testSitemapUrl728
ok 730 - built_tests\SitemapTest::testSitemapUrl729
ok 731 - built_tests\SitemapTest::testSitemapUrl730
ok 732 - built_tests\SitemapTest::testSitemapUrl731
ok 733 - built_tests\SitemapTest::testSitemapUrl732
ok 734 - built_tests\SitemapTest::testSitemapUrl733
ok 735 - built_tests\SitemapTest::testSitemapUrl734
ok 736 - built_tests\SitemapTest::testSitemapUrl735
ok 737 - built_tests\SitemapTest::testSitemapUrl736
ok 738 - built_tests\SitemapTest::testSitemapUrl737
ok 739 - built_tests\SitemapTest::testSitemapUrl738
ok 740 - built_tests\SitemapTest::testSitemapUrl739
ok 741 - built_tests\SitemapTest::testSitemapUrl740
ok 742 - built_tests\SitemapTest::testSitemapUrl741
ok 743 - built_tests\SitemapTest::testSitemapUrl742
ok 744 - built_tests\SitemapTest::testSitemapUrl743
ok 745 - built_tests\SitemapTest::testSitemapUrl744
ok 746 - built_tests\SitemapTest::testSitemapUrl745
ok 747 - built_tests\SitemapTest::testSitemapUrl746
ok 748 - built_tests\SitemapTest::testSitemapUrl747
ok 749 - built_tests\SitemapTest::testSitemapUrl748
ok 750 - built_tests\SitemapTest::testSitemapUrl749
ok 751 - built_tests\SitemapTest::testSitemapUrl750
ok 752 - built_tests\SitemapTest::testSitemapUrl751
ok 753 - built_tests\SitemapTest::testSitemapUrl752
ok 754 - built_tests\SitemapTest::testSitemapUrl753
ok 755 - built_tests\SitemapTest::testSitemapUrl754
ok 756 - built_tests\SitemapTest::testSitemapUrl755
ok 757 - built_tests\SitemapTest::testSitemapUrl756
ok 758 - built_tests\SitemapTest::testSitemapUrl757
ok 759 - built_tests\SitemapTest::testSitemapUrl758
ok 760 - built_tests\SitemapTest::testSitemapUrl759
ok 761 - built_tests\SitemapTest::testSitemapUrl760
ok 762 - built_tests\SitemapTest::testSitemapUrl761
ok 763 - built_tests\SitemapTest::testSitemapUrl762
ok 764 - built_tests\SitemapTest::testSitemapUrl763
ok 765 - built_tests\SitemapTest::testSitemapUrl764
ok 766 - built_tests\SitemapTest::testSitemapUrl765
ok 767 - built_tests\SitemapTest::testSitemapUrl766
ok 768 - built_tests\SitemapTest::testSitemapUrl767
ok 769 - built_tests\SitemapTest::testSitemapUrl768
ok 770 - built_tests\SitemapTest::testSitemapUrl769
ok 771 - built_tests\SitemapTest::testSitemapUrl770
ok 772 - built_tests\SitemapTest::testSitemapUrl771
ok 773 - built_tests\SitemapTest::testSitemapUrl772
ok 774 - built_tests\SitemapTest::testSitemapUrl773
ok 775 - built_tests\SitemapTest::testSitemapUrl774
ok 776 - built_tests\SitemapTest::testSitemapUrl775
ok 777 - built_tests\SitemapTest::testSitemapUrl776
ok 778 - built_tests\SitemapTest::testSitemapUrl777
ok 779 - built_tests\SitemapTest::testSitemapUrl778
ok 780 - built_tests\SitemapTest::testSitemapUrl779
ok 781 - built_tests\SitemapTest::testSitemapUrl780
ok 782 - built_tests\SitemapTest::testSitemapUrl781
ok 783 - built_tests\SitemapTest::testSitemapUrl782
ok 784 - built_tests\SitemapTest::testSitemapUrl783
ok 785 - built_tests\SitemapTest::testSitemapUrl784
ok 786 - built_tests\SitemapTest::testSitemapUrl785
ok 787 - built_tests\SitemapTest::testSitemapUrl786
ok 788 - built_tests\SitemapTest::testSitemapUrl787
ok 789 - built_tests\SitemapTest::testSitemapUrl788
ok 790 - built_tests\SitemapTest::testSitemapUrl789
ok 791 - built_tests\SitemapTest::testSitemapUrl790
ok 792 - built_tests\SitemapTest::testSitemapUrl791
ok 793 - built_tests\SitemapTest::testSitemapUrl792
ok 794 - built_tests\SitemapTest::testSitemapUrl793
ok 795 - built_tests\SitemapTest::testSitemapUrl794
ok 796 - built_tests\SitemapTest::testSitemapUrl795
ok 797 - built_tests\SitemapTest::testSitemapUrl796
ok 798 - built_tests\SitemapTest::testSitemapUrl797
ok 799 - built_tests\SitemapTest::testSitemapUrl798
ok 800 - built_tests\SitemapTest::testSitemapUrl799
ok 801 - built_tests\SitemapTest::testSitemapUrl800
ok 802 - built_tests\SitemapTest::testSitemapUrl801
ok 803 - built_tests\SitemapTest::testSitemapUrl802
ok 804 - built_tests\SitemapTest::testSitemapUrl803
ok 805 - built_tests\SitemapTest::testSitemapUrl804
ok 806 - built_tests\SitemapTest::testSitemapUrl805
ok 807 - built_tests\SitemapTest::testSitemapUrl806
ok 808 - built_tests\SitemapTest::testSitemapUrl807
ok 809 - built_tests\SitemapTest::testSitemapUrl808
ok 810 - built_tests\SitemapTest::testSitemapUrl809
ok 811 - built_tests\SitemapTest::testSitemapUrl810
ok 812 - built_tests\SitemapTest::testSitemapUrl811
ok 813 - built_tests\SitemapTest::testSitemapUrl812
ok 814 - built_tests\SitemapTest::testSitemapUrl813
ok 815 - built_tests\SitemapTest::testSitemapUrl814
